// Jest Snapshot v1, https://goo.gl/fbAQLP

exports[`Pruebas de container Home Compara snapshot del HomeC renderizado 1`] = `
<ContextProvider
  value={
    Object {
      "store": Object {
        "clearActions": [Function],
        "dispatch": [Function],
        "getActions": [Function],
        "getState": [Function],
        "replaceReducer": [Function],
        "subscribe": [Function],
      },
      "subscription": Subscription {
        "handleChangeWrapper": [Function],
        "listeners": Object {
          "notify": [Function],
        },
        "onStateChange": [Function],
        "parentSub": undefined,
        "store": Object {
          "clearActions": [Function],
          "dispatch": [Function],
          "getActions": [Function],
          "getState": [Function],
          "replaceReducer": [Function],
          "subscribe": [Function],
        },
        "unsubscribe": null,
      },
    }
  }
>
  <BrowserRouter>
    <Home
      errorMessage={
        Object {
          "message": "",
          "type": "",
        }
      }
      getAllProducts={[Function]}
      getProductsRanking={[Function]}
      isLoading={true}
      listProducts={Array []}
      listProductsFilter={Array []}
      listRanking={Array []}
      setProductFilters={[Function]}
    />
  </BrowserRouter>
  ,
</ContextProvider>
`;
